----------------------------------------------------------------------------------------------------------------------------------------------------
      name:  <unnamed>
       log:  /home/ld-archer/Documents/UK_FEM/trunk/generate_stock_pop.log
  log type:  text
 opened on:   2 Jul 2019, 16:37:07

. 
. quietly include fem_env.do

. 
. local in_file "ELSA_long"

. 
. local out_file : env OUTPUT

. 
. if "`in_file'" == "ELSA_long" {
.     *use XXXX
. 
.     * Read in census matrices by age to adjust sampling weights
.     * Create census STATA files
.     do census_scal_factors_extraction.do
file census_scal_factors_extraction.do not found
r(601);
.     *cd $outdata
.     clear
. 
. 
.     use $outdata/XXXX.dta
. 
.     mkmat _all, matrix(pop_distrib)
. 
.     global rowname = ""
. 
.     qui sum age_min
. 
.     local beg_age = r(min)
.     local max_age = r(max)
. 
.     * Make sure the 51-54 age category row name is correct
.     global rowname $rowname minage`beg_age'
. 
.     local adj_beg_age = `beg_age' + 4
.     forvalues i = `adj_beg_age'(5)`max_age' {
  2.         global rowname $rowname minage`i'
  3.     }
. 
.     matrix rownames pop_distrib = $rowname
. 
.     matrix list pop_distrib
. }
r(601);

end of do-file

r(601);

. do "/tmp/SD24701.000000"

. /* Generate the replenishing population */
. clear all

. quietly include fem_env.do

. 
. * This sets the scenario for use in naming files, trending variables, etc.
. local scr : env SCENARIO

. 
. local goal : env GOAL

. 
. local expansion : env EXPAND

. 
. local goal_yr : env GOAL_YR

. 
. * Suffix for filenames
. if "`scr'" == "no_trend" {
.     local fnamesuf
. }

. if "`scr'" == "smoke_reduce" {
.     local fnamesuf "_`goal'_by_`goal_yr'"
. }

. if "`scr'" == "no_smokev" {
.     local fnamesuf "_no_smokev"
. }

. 
. *do extract_educ.do
. 
. clear all

. 
. * Make matrix for adjusting the replenishing cohort to reflect census estimates
. *use /afs/ir.stanford.edu/users/m/z/mzhao94/kfem/trunk/input_data/5154_pop_proj.dta, clear
. *use $outdta/5154_pop_proj.dta
. insheet using input_data/pop_proj_summed.csv
file input_data/pop_proj_summed.csv not found
r(601);

end of do-file

r(601);

. do "/home/ld-archer/Documents/UK_FEM/trunk/FEM_Stata/Makedata/ELSA/education_proj.do"

. clear

. 
. quietly include fem_env.do

. 
. * Import csv dataset
. import delimited using $outdata/CT0469_2011census_educ.csv, varnames(1)
file /input_data/CT0469_2011census_educ.csv not found
r(601);

end of do-file

r(601);

. do "/tmp/SD24701.000000"

. clear

. 
. quietly include fem_env.do

. 
. * Import csv dataset
. import delimited using input_data/CT0469_2011census_educ.csv, varnames(1)
(15 vars, 332 obs)

. 
. * Drop rows where data info is written
. drop in 314/332
(19 observations deleted)

. 
. * Drop unnecessary variables (only need total)
. drop v5-l15fulltimestudents

. 
. * Replace missing vars with value from observation above (only occurs in first 2 vars)
. replace v1 = v1[_n-1] if missing(v1)
(310 real changes made)

. replace v2 = v2[_n-1] if missing(v2)
(274 real changes made)

. 
. * Rename variables
. rename v1 Sex

. rename v2 Age

. rename v3 Qualifications

. rename totalnssec Total

. 
. * Only keep data for 30 to 34 year olds
. keep if Age == "Age 30 to 34"
(289 observations deleted)

. 
. * Drop unnecessary observations from dataset (Only need No quals to level 3)
. * Potentially come back to this if higher granularity is needed)
. drop if Qualifications == "Total: Highest level of qualification"
(3 observations deleted)

. drop if Qualifications == "Apprenticeship"
(3 observations deleted)

. drop if Qualifications == "Other qualifications"
(3 observations deleted)

. 
. * Replace No quals with Level 1
. * Replace Level 4 and above with Level 3
. * This is to fit with the international IFS*** qualification boundaries
. replace Qualifications = "Level 1 qualifications" if Qualifications == "No Qualifications"
(3 real changes made)

. replace Qualifications = "Level 3 qualifications" if Qualifications == "Level 4 qualifications and above"
(3 real changes made)

. 
. replace Total=subinstr(Total,",","",.)
(15 real changes made)

. destring Total, replace
Total: all characters numeric; replaced as long

. 
. *destring Total, replace
. 
. * Group by Qualifications and Sex
. collapse (first) Age (sum) Total, by(Qualifications Sex)

. gsort -Sex Qualifications

. 
. * Drop Totals by sex, and all unnecesary columns (for merging later)
. drop if Sex == "Total: Sex"
(3 observations deleted)

. drop Age Sex Qualifications

. 
. tempfile educ_data

. save `educ_data'
file /tmp/St24701.000001 saved

. 
. clear

. 
. * Create kron matrix
. matrix kron = (1,1,0,0 \ 1,0,1,0 \ 1,0,0,1 \ 0,1,0,0 \ 0,0,1,0 \ 0,0,0,1)

. * Print kron
. *matrix list kron
. * Save kron matrix as dataset
. svmat int kron
number of observations will be reset to 6
Press any key to continue, or Break to abort
number of observations (_N) was 0, now 6

. * Change var names
. rename kron1 Male

. rename kron2 Level1

. rename kron3 Level2

. rename kron4 Level3

. 
. merge using `educ_data'
(note: you are using old merge syntax; see [D] merge for new syntax)

. tab _merge

     _merge |      Freq.     Percent        Cum.
------------+-----------------------------------
          3 |          6      100.00      100.00
------------+-----------------------------------
      Total |          6      100.00

. drop _merge

. 
. save ${outdata}/educ_reweight.csv, replace
(note: file /input_data/educ_reweight.csv not found)
file /input_data/educ_reweight.csv could not be opened
r(603);

end of do-file

r(603);

. do "/tmp/SD24701.000000"

. clear

. 
. quietly include fem_env.do

. 
. * Import csv dataset
. import delimited using input_data/CT0469_2011census_educ.csv, varnames(1)
(15 vars, 332 obs)

. 
. * Drop rows where data info is written
. drop in 314/332
(19 observations deleted)

. 
. * Drop unnecessary variables (only need total)
. drop v5-l15fulltimestudents

. 
. * Replace missing vars with value from observation above (only occurs in first 2 vars)
. replace v1 = v1[_n-1] if missing(v1)
(310 real changes made)

. replace v2 = v2[_n-1] if missing(v2)
(274 real changes made)

. 
. * Rename variables
. rename v1 Sex

. rename v2 Age

. rename v3 Qualifications

. rename totalnssec Total

. 
. * Only keep data for 30 to 34 year olds
. keep if Age == "Age 30 to 34"
(289 observations deleted)

. 
. * Drop unnecessary observations from dataset (Only need No quals to level 3)
. * Potentially come back to this if higher granularity is needed)
. drop if Qualifications == "Total: Highest level of qualification"
(3 observations deleted)

. drop if Qualifications == "Apprenticeship"
(3 observations deleted)

. drop if Qualifications == "Other qualifications"
(3 observations deleted)

. 
. * Replace No quals with Level 1
. * Replace Level 4 and above with Level 3
. * This is to fit with the international IFS*** qualification boundaries
. replace Qualifications = "Level 1 qualifications" if Qualifications == "No Qualifications"
(3 real changes made)

. replace Qualifications = "Level 3 qualifications" if Qualifications == "Level 4 qualifications and above"
(3 real changes made)

. 
. replace Total=subinstr(Total,",","",.)
(15 real changes made)

. destring Total, replace
Total: all characters numeric; replaced as long

. 
. *destring Total, replace
. 
. * Group by Qualifications and Sex
. collapse (first) Age (sum) Total, by(Qualifications Sex)

. gsort -Sex Qualifications

. 
. * Drop Totals by sex, and all unnecesary columns (for merging later)
. drop if Sex == "Total: Sex"
(3 observations deleted)

. drop Age Sex Qualifications

. 
. tempfile educ_data

. save `educ_data'
file /tmp/St24701.000001 saved

. 
. clear

. 
. * Create kron matrix
. matrix kron = (1,1,0,0 \ 1,0,1,0 \ 1,0,0,1 \ 0,1,0,0 \ 0,0,1,0 \ 0,0,0,1)

. * Print kron
. *matrix list kron
. * Save kron matrix as dataset
. svmat int kron
number of observations will be reset to 6
Press any key to continue, or Break to abort
number of observations (_N) was 0, now 6

. * Change var names
. rename kron1 Male

. rename kron2 Level1

. rename kron3 Level2

. rename kron4 Level3

. 
. merge using `educ_data'
(note: you are using old merge syntax; see [D] merge for new syntax)

. tab _merge

     _merge |      Freq.     Percent        Cum.
------------+-----------------------------------
          3 |          6      100.00      100.00
------------+-----------------------------------
      Total |          6      100.00

. drop _merge

. 
. save input_data/educ_reweight.csv, replace
file input_data/educ_reweight.csv saved

. 
end of do-file

. do "/tmp/SD24701.000000"

. clear

. 
. quietly include fem_env.do

. 
. * Import csv dataset
. import delimited using input_data/CT0469_2011census_educ.csv, varnames(1)
(15 vars, 332 obs)

. 
. * Drop rows where data info is written
. drop in 314/332
(19 observations deleted)

. 
. * Drop unnecessary variables (only need total)
. drop v5-l15fulltimestudents

. 
. * Replace missing vars with value from observation above (only occurs in first 2 vars)
. replace v1 = v1[_n-1] if missing(v1)
(310 real changes made)

. replace v2 = v2[_n-1] if missing(v2)
(274 real changes made)

. 
. * Rename variables
. rename v1 Sex

. rename v2 Age

. rename v3 Qualifications

. rename totalnssec Total

. 
. * Only keep data for 30 to 34 year olds
. keep if Age == "Age 30 to 34"
(289 observations deleted)

. 
. * Drop unnecessary observations from dataset (Only need No quals to level 3)
. * Potentially come back to this if higher granularity is needed)
. drop if Qualifications == "Total: Highest level of qualification"
(3 observations deleted)

. drop if Qualifications == "Apprenticeship"
(3 observations deleted)

. drop if Qualifications == "Other qualifications"
(3 observations deleted)

. 
. * Replace No quals with Level 1
. * Replace Level 4 and above with Level 3
. * This is to fit with the international IFS*** qualification boundaries
. replace Qualifications = "Level 1 qualifications" if Qualifications == "No Qualifications"
(3 real changes made)

. replace Qualifications = "Level 3 qualifications" if Qualifications == "Level 4 qualifications and above"
(3 real changes made)

. 
. replace Total=subinstr(Total,",","",.)
(15 real changes made)

. destring Total, replace
Total: all characters numeric; replaced as long

. 
. *destring Total, replace
. 
. * Group by Qualifications and Sex
. collapse (first) Age (sum) Total, by(Qualifications Sex)

. gsort -Sex Qualifications

. 
. * Drop Totals by sex, and all unnecesary columns (for merging later)
. drop if Sex == "Total: Sex"
(3 observations deleted)

. drop Age Sex Qualifications

. 
. tempfile educ_data

. save `educ_data'
file /tmp/St24701.000001 saved

. 
. clear

. 
. * Create kron matrix
. matrix kron = (1,1,0,0 \ 1,0,1,0 \ 1,0,0,1 \ 0,1,0,0 \ 0,0,1,0 \ 0,0,0,1)

. * Print kron
. *matrix list kron
. * Save kron matrix as dataset
. svmat int kron
number of observations will be reset to 6
Press any key to continue, or Break to abort
number of observations (_N) was 0, now 6

. * Change var names
. rename kron1 Male

. rename kron2 Level1

. rename kron3 Level2

. rename kron4 Level3

. 
. merge using `educ_data'
(note: you are using old merge syntax; see [D] merge for new syntax)

. tab _merge

     _merge |      Freq.     Percent        Cum.
------------+-----------------------------------
          3 |          6      100.00      100.00
------------+-----------------------------------
      Total |          6      100.00

. drop _merge

. 
. save input_data/educ_reweight.dta, replace
(note: file input_data/educ_reweight.dta not found)
file input_data/educ_reweight.dta saved

. 
end of do-file

. do "/tmp/SD24701.000000"

. /* Generate the replenishing population */
. clear all

. quietly include fem_env.do

. 
. * This sets the scenario for use in naming files, trending variables, etc.
. local scr : env SCENARIO

. 
. local goal : env GOAL

. 
. local expansion : env EXPAND

. 
. local goal_yr : env GOAL_YR

. 
. * Suffix for filenames
. if "`scr'" == "no_trend" {
.     local fnamesuf
. }

. if "`scr'" == "smoke_reduce" {
.     local fnamesuf "_`goal'_by_`goal_yr'"
. }

. if "`scr'" == "no_smokev" {
.     local fnamesuf "_no_smokev"
. }

. 
. *do extract_educ.do
. 
. clear all

. 
. * Make matrix for adjusting the replenishing cohort to reflect census estimates
. *use /afs/ir.stanford.edu/users/m/z/mzhao94/kfem/trunk/input_data/5154_pop_proj.dta, clear
. *use $outdta/5154_pop_proj.dta
. insheet using input_data/educ_reweight.dta
(1 var, 6 obs)

. *use ../../../input_data/pop_proj.csv
. 
. reshape wide pop, i(year) j(male)
variable year not found
r(111);

end of do-file

r(111);

. do "/tmp/SD24701.000000"

. /* Generate the replenishing population */
. clear all

. quietly include fem_env.do

. 
. * This sets the scenario for use in naming files, trending variables, etc.
. local scr : env SCENARIO

. 
. local goal : env GOAL

. 
. local expansion : env EXPAND

. 
. local goal_yr : env GOAL_YR

. 
. * Suffix for filenames
. if "`scr'" == "no_trend" {
.     local fnamesuf
. }

. if "`scr'" == "smoke_reduce" {
.     local fnamesuf "_`goal'_by_`goal_yr'"
. }

. if "`scr'" == "no_smokev" {
.     local fnamesuf "_no_smokev"
. }

. 
. *do extract_educ.do
. 
. clear all

. 
. * Make matrix for adjusting the replenishing cohort to reflect census estimates
. *use /afs/ir.stanford.edu/users/m/z/mzhao94/kfem/trunk/input_data/5154_pop_proj.dta, clear
. *use $outdta/5154_pop_proj.dta
. insheet using input_data/educ_reweight.dta
(1 var, 6 obs)

. *use ../../../input_data/pop_proj.csv
. 
. reshape wide pop, i(years) j(male)
variable years not found
r(111);

end of do-file

r(111);

. do "/tmp/SD24701.000000"

. /* Generate the replenishing population */
. clear all

. quietly include fem_env.do

. 
. * This sets the scenario for use in naming files, trending variables, etc.
. local scr : env SCENARIO

. 
. local goal : env GOAL

. 
. local expansion : env EXPAND

. 
. local goal_yr : env GOAL_YR

. 
. * Suffix for filenames
. if "`scr'" == "no_trend" {
.     local fnamesuf
. }

. if "`scr'" == "smoke_reduce" {
.     local fnamesuf "_`goal'_by_`goal_yr'"
. }

. if "`scr'" == "no_smokev" {
.     local fnamesuf "_no_smokev"
. }

. 
. *do extract_educ.do
. 
. clear all

. 
. * Make matrix for adjusting the replenishing cohort to reflect census estimates
. *use /afs/ir.stanford.edu/users/m/z/mzhao94/kfem/trunk/input_data/5154_pop_proj.dta, clear
. *use $outdta/5154_pop_proj.dta
. use input_data/educ_reweight.dta

. *use ../../../input_data/pop_proj.csv
. 
. reshape wide pop, i(years) j(male)
variable years not found
r(111);

end of do-file

r(111);

. do "/tmp/SD24701.000000"

. /* Generate the replenishing population */
. clear all

. quietly include fem_env.do

. 
. * This sets the scenario for use in naming files, trending variables, etc.
. local scr : env SCENARIO

. 
. local goal : env GOAL

. 
. local expansion : env EXPAND

. 
. local goal_yr : env GOAL_YR

. 
. * Suffix for filenames
. if "`scr'" == "no_trend" {
.     local fnamesuf
. }

. if "`scr'" == "smoke_reduce" {
.     local fnamesuf "_`goal'_by_`goal_yr'"
. }

. if "`scr'" == "no_smokev" {
.     local fnamesuf "_no_smokev"
. }

. 
. *do extract_educ.do
. 
. clear all

. 
. * Make matrix for adjusting the replenishing cohort to reflect census estimates
. *use /afs/ir.stanford.edu/users/m/z/mzhao94/kfem/trunk/input_data/5154_pop_proj.dta, clear
. *use $outdta/5154_pop_proj.dta
. use input_data/ethpop_projections.dta

. 
. reshape wide pop, i(years) j(male)
variable male not found
    Data are already wide.
r(111);

end of do-file

r(111);

. do "/tmp/SD24701.000000"

. /* Generate the replenishing population */
. clear all

. quietly include fem_env.do

. 
. * This sets the scenario for use in naming files, trending variables, etc.
. local scr : env SCENARIO

. 
. local goal : env GOAL

. 
. local expansion : env EXPAND

. 
. local goal_yr : env GOAL_YR

. 
. * Suffix for filenames
. if "`scr'" == "no_trend" {
.     local fnamesuf
. }

. if "`scr'" == "smoke_reduce" {
.     local fnamesuf "_`goal'_by_`goal_yr'"
. }

. if "`scr'" == "no_smokev" {
.     local fnamesuf "_no_smokev"
. }

. 
. *do extract_educ.do
. 
. clear all

. 
. * Make matrix for adjusting the replenishing cohort to reflect census estimates
. *use /afs/ir.stanford.edu/users/m/z/mzhao94/kfem/trunk/input_data/5154_pop_proj.dta, clear
. *use $outdta/5154_pop_proj.dta
. use input_data/ethpop_projections.dta

. 
. reshape wide pop, i(years) j(Male)
(note: j = 0 1)
values of variable Male not unique within years
    Your data are currently long.  You are performing a reshape wide.  You specified i(years) and j(Male).  There are observations within i(years)
    with the same value of j(Male).  In the long data, variables i() and j() together must uniquely identify the observations.

         long                                wide
        +---------------+                   +------------------+
        | i   j   a   b |                   | i   a1 a2  b1 b2 |
        |---------------| <--- reshape ---> |------------------|
        | 1   1   1   2 |                   | 1   1   3   2  4 |
        | 1   2   3   4 |                   | 2   5   7   6  8 |
        | 2   1   5   6 |                   +------------------+
        | 2   2   7   8 |
        +---------------+
    Type reshape error for a list of the problem variables.
r(9);

end of do-file

r(9);

. use "/home/ld-archer/Documents/UK_FEM/trunk/base_data/census5152_byrace.dta"

. do "/tmp/SD24701.000000"

. /* Generate the replenishing population */
. clear all

. quietly include fem_env.do

. 
. * This sets the scenario for use in naming files, trending variables, etc.
. local scr : env SCENARIO

. 
. local goal : env GOAL

. 
. local expansion : env EXPAND

. 
. local goal_yr : env GOAL_YR

. 
. * Suffix for filenames
. if "`scr'" == "no_trend" {
.     local fnamesuf
. }

. if "`scr'" == "smoke_reduce" {
.     local fnamesuf "_`goal'_by_`goal_yr'"
. }

. if "`scr'" == "no_smokev" {
.     local fnamesuf "_no_smokev"
. }

. 
. *do extract_educ.do
. 
. clear all

. 
. * Make matrix for adjusting the replenishing cohort to reflect census estimates
. *use /afs/ir.stanford.edu/users/m/z/mzhao94/kfem/trunk/input_data/5154_pop_proj.dta, clear
. *use $outdta/5154_pop_proj.dta
. use input_data/ethpop_projections.dta

. 
. reshape wide pop, i(years) j(Male)
(note: j = 0 1)
values of variable Male not unique within years
    Your data are currently long.  You are performing a reshape wide.  You specified i(years) and j(Male).  There are observations within i(years)
    with the same value of j(Male).  In the long data, variables i() and j() together must uniquely identify the observations.

         long                                wide
        +---------------+                   +------------------+
        | i   j   a   b |                   | i   a1 a2  b1 b2 |
        |---------------| <--- reshape ---> |------------------|
        | 1   1   1   2 |                   | 1   1   3   2  4 |
        | 1   2   3   4 |                   | 2   5   7   6  8 |
        | 2   1   5   6 |                   +------------------+
        | 2   2   7   8 |
        +---------------+
    Type reshape error for a list of the problem variables.
r(9);

end of do-file

r(9);

. do "/tmp/SD24701.000000"

. clear

. 
. log using generate_stock_pop.log
log file already open
r(604);

end of do-file

r(604);

. do "/tmp/SD24701.000000"

. clear

. 
. log using generate_stock_pop.log
log file already open
r(604);

end of do-file

r(604);

. do "/tmp/SD24701.000000"

. clear

. 
. log using generate_stock_pop.log, replace
log file already open
r(604);

end of do-file

r(604);

. use "/home/ld-archer/Documents/UK_FEM/trunk/input_data/ethpop_projections.dta"

. use "/home/ld-archer/Documents/UK_FEM/trunk/input_data/educ_reweight.dta"

. use "/home/ld-archer/Documents/UK_FEM/trunk/input_data/ELSA_long.dta"

. global allvars_died male hsless college l2age65l l2age6574 l2age75p l2cancre l2diabe l2hearte l2hibpe l2lunge l2stroke 

. do "/home/ld-archer/Documents/UK_FEM/trunk/FEM_Stata/Makedata/ELSA/generate_transition_pop.do"

. clear

. 
. log using generate_transition_pop.log, replace
log file already open
r(604);

end of do-file

r(604);

. do "/tmp/SD24701.000000"

. clear

. 
. *log using generate_transition_pop.log, replace
. 
. quietly include fem_env.do

. 
. local in_file : env INPUT

. 
. local out_file : env OUTPUT

. 
. use input_data/ELSA_long.dta, clear

. 
. keep if wave >= 2
(12,342 observations deleted)

. 
. * Add any additional derived variables used in the transition estimation (eg. categorical BMI variables)
. 
. * ADL dummy vars
. gen l2adl1 = (l2adlstat == 2) if !missing(l2adlstat)
(8,313 missing values generated)

. gen l2adl2 = (l2adlstat == 3) if !missing(l2adlstat)
(8,313 missing values generated)

. gen l2adl3p = (l2adlstat == 4) if !missing(l2adlstat)
(8,313 missing values generated)

. 
. * IADL dummy vars
. gen l2iadl1 = (l2iadlstat == 2) if !missing(l2iadlstat)
(8,313 missing values generated)

. gen l2iadl2p = (l2iadlstat == 3) if !missing(l2iadlstat)
(8,313 missing values generated)

. 
. * Age splines
. local age_var agey

. gen l2age65l = min(63, l2`age_var') if l2`age_var' < .
(10,452 missing values generated)

. label var l2age65l "Min(63, two-year lag of age)"

. *gen l2age6574 = min*max*0, l2`age_var' - 63), 73-63) if l2`age_var' < .
. *label var l2age6574 "Min(Max(0, two-year lag age - 63), 73 - 63)"
. gen l2age75p = max(0, l2`age_var' - 73) if l2`age_var' < .
(10,452 missing values generated)

. label var l2age75p "Max(0, two-year lag age - 73)"

. 
. * Age squared
. gen l2agesq = l2`age_var'*l2`age_var'
(10,452 missing values generated)

. 
. * BMI dummies for obese (BMI > 23.5) or not
. gen l2obese = (l2bmi > 23.5) if !missing(l2bmi)
(44,788 missing values generated)

. 
. * Label the variables to use for technical appendix
. label variable male "Male"

. label variable hsless "Less than secondary school"

. label variable college "More than secondary school"

. label variable l2age65l "Lag: age spline less than 65"

. *label variable l2age6574 "Lag: age spline between 65-74"
. label variable l2age75p "Lag: age spline more than 75"

. label variable l2smoken "Lag: current smoker"

. label variable l2smokev "Lag: ever smoked"

. label variable l2obese "Lag: BMI more than 23.5"

. *label variable fsmoken50 "Smoked at 50" Variable never produced (should have been in reshape_long if at all)
. label variable l2diabe "Lag: diabetes"

. label variable l2cancre "Lag: cancer"

. label variable l2hibpe "Lag: hypertension"

. label variable l2lunge "Lag: lung disease"

. label variable l2stroke "Lag: stroke"

. label variable l2hearte "Lag: heart disease"

. label variable l2adl1 "Lag: 1 ADL"

. label variable l2adl2 "Lag: 2 ADL"

. label variable l2adl3 "Lag: 3 or more ADLs"

. label variable l2iadl1 "Lag: 1 IADL"

. label variable l2iadl2p "Lag: 2 or more IADLs"

. 
. 
. * Save the file
. save input_data/stock_pop.dta, replace
file input_data/stock_pop.dta saved

. 
. inspect

idauniq:  unique individual serial numbe        Number of Observations
-------------------------------------------------------------------------------
                                             Total      Integers   Nonintegers
|  #                         Negative            -             -             -
|  #                         Zero                -             -             -
|  #                         Positive       65,913        65,913             -
|  #                                   -----------   -----------   -----------
|  #                         Total          65,913        65,913             -
|  #   .   .   .   .         Missing             -
+----------------------                -----------
100001           900034                     65,913
(More than 99 unique values)

wave:                                           Number of Observations
-------                                ---------------------------------------
                                             Total      Integers   Nonintegers
|                  #         Negative            -             -             -
|                  #         Zero                -             -             -
|                  #         Positive       65,913        65,913             -
|  #   #   #   #   #                   -----------   -----------   -----------
|  #   #   #   #   #         Total          65,913        65,913             -
|  #   #   #   #   #         Missing             -
+----------------------                -----------
2                     7                     65,913
   (6 unique values)

hhid:  Household ID                             Number of Observations
-------------------                    ---------------------------------------
                                             Total      Integers   Nonintegers
|  #                         Negative            -             -             -
|  #   #   #   #             Zero                -             -             -
|  #   #   #   #             Positive       60,794        60,794             -
|  #   #   #   #   #                   -----------   -----------   -----------
|  #   #   #   #   #         Total          60,794        60,794             -
|  #   #   #   #   #         Missing         5,119
+----------------------                -----------
1                 12949                     65,913
(More than 99 unique values)

s1idauniq:  s1idauniq:w1 spouse idauniq         Number of Observations
------------------------------------------------------------------------------
                                             Total      Integers   Nonintegers
|                  #         Negative            -             -             -
|                  #         Zero           15,218        15,218             -
|                  #         Positive       31,694        31,694             -
|                  #                   -----------   -----------   -----------
|  #               #         Total          46,912        46,912             -
|  #   .   .   .   #         Missing        19,001
+----------------------                -----------
0                121300                     65,913
(More than 99 unique values)

s2idauniq:  s2idauniq:w2 spouse idauniq         Number of Observations
------------------------------------------------------------------------------
                                             Total      Integers   Nonintegers
|                  #         Negative            -             -             -
|                  #         Zero           14,665        14,665             -
|                  #         Positive       28,572        28,572             -
|  #               #                   -----------   -----------   -----------
|  #               #         Total          43,237        43,237             -
|  #   .   .   .   #         Missing        22,676
+----------------------                -----------
0                121338                     65,913
(More than 99 unique values)

s3idauniq:  s3idauniq:w3 spouse idauniq         Number of Observations
------------------------------------------------------------------------------
                                             Total      Integers   Nonintegers
|  #                         Negative            -             -             -
|  #                         Zero           16,084        16,084             -
|  #                         Positive       30,968        30,968             -
|  #                                   -----------   -----------   -----------
|  #                         Total          47,052        47,052             -
|  #   .   .   .   .         Missing        18,861
+----------------------                -----------
0                705145                     65,913
(More than 99 unique values)

s4idauniq:  s4idauniq:w4 spouse idauniq         Number of Observations
------------------------------------------------------------------------------
                                             Total      Integers   Nonintegers
|  #                         Negative            -             -             -
|  #                         Zero           17,589        17,589             -
|  #                         Positive       35,152        35,152             -
|  #                                   -----------   -----------   -----------
|  #                         Total          52,741        52,741             -
|  #   #   .   .   .         Missing        13,172
+----------------------                -----------
0                705927                     65,913
(More than 99 unique values)

s5idauniq:  s5idauniq:w5 spouse idauniq         Number of Observations
------------------------------------------------------------------------------
                                             Total      Integers   Nonintegers
|  #                         Negative            -             -             -
|  #                         Zero           16,642        16,642             -
|  #                         Positive       34,098        34,098             -
|  #                                   -----------   -----------   -----------
|  #                         Total          50,740        50,740             -
|  #   #   .   .   .         Missing        15,173
+----------------------                -----------
0                706571                     65,913
(More than 99 unique values)

s6idauniq:  s6idauniq:w6 spouse idauniq         Number of Observations
------------------------------------------------------------------------------
                                             Total      Integers   Nonintegers
|  #                         Negative            -             -             -
|  #                         Zero           16,319        16,319             -
|  #                         Positive       33,456        33,456             -
|  #                                   -----------   -----------   -----------
|  #                         Total          49,775        49,775             -
|  #   #   .   .   .         Missing        16,138
+----------------------                -----------
0                706571                     65,913
(More than 99 unique values)

s7idauniq:  s7idauniq:w7 spouse idauniq         Number of Observations
------------------------------------------------------------------------------
                                             Total      Integers   Nonintegers
|  #                         Negative            -             -             -
|  #                         Zero           15,132        15,132             -
|  #                         Positive       29,936        29,936             -
|  #                                   -----------   -----------   -----------
|  #                         Total          45,068        45,068             -
|  #   .   .   .   .         Missing        20,845
+----------------------                -----------
0                900034                     65,913
(More than 99 unique values)

iwstat:                                         Number of Observations
---------                              ---------------------------------------
                                             Total      Integers   Nonintegers
|  #                         Negative            -             -             -
|  #                         Zero                -             -             -
|  #                         Positive       65,913        65,913             -
|  #                                   -----------   -----------   -----------
|  #                         Total          65,913        65,913             -
|  #   .   .                 Missing             -
+----------------------                -----------
1                     5                     65,913
   (3 unique values)

      iwstat is labeled and all values are documented in the label.

raclust:  hse clustering variable               Number of Observations
---------------------------------      ---------------------------------------
                                             Total      Integers   Nonintegers
|              #             Negative            -             -             -
|  #   #   #   #   #         Zero                -             -             -
|  #   #   #   #   #         Positive       47,318        47,318             -
|  #   #   #   #   #                   -----------   -----------   -----------
|  #   #   #   #   #         Total          47,318        47,318             -
|  #   #   #   #   #         Missing        18,595
+----------------------                -----------
1                  1718                     65,913
(More than 99 unique values)

cwtresp:                                        Number of Observations
----------                             ---------------------------------------
                                             Total      Integers   Nonintegers
|  #                         Negative            -             -             -
|  #                         Zero            6,689         6,689             -
|  #                         Positive       44,673             1        44,672
|  #                                   -----------   -----------   -----------
|  #                         Total          51,362         6,690        44,672
|  #   .   .   .   .         Missing        14,551
+----------------------                -----------
0              7.517719                     65,913
(More than 99 unique values)

r2scwtresp:  r2scwtresp:w2 r person-leve        Number of Observations
-------------------------------------------------------------------------------
                                             Total      Integers   Nonintegers
|  #                         Negative            -             -             -
|  #                         Zero                -             -             -
|  #                         Positive       36,580             -        36,580
|  #                                   -----------   -----------   -----------
|  #                         Total          36,580             -        36,580
|  #   .   .   .   .         Missing        29,333
+----------------------                -----------
.5691676        4.14654                     65,913
(More than 99 unique values)

r4scwtresp:  r4scwtresp:w4 r person-leve        Number of Observations
-------------------------------------------------------------------------------
                                             Total      Integers   Nonintegers
|  #                         Negative            -             -             -
|  #                         Zero                -             -             -
|  #                         Positive       40,862             -        40,862
|  #                                   -----------   -----------   -----------
|  #                         Total          40,862             -        40,862
|  #   .   .   .   .         Missing        25,051
+----------------------                -----------
.3356556       5.610797                     65,913
(More than 99 unique values)

r5scwtresp:  r5scwtresp:w5 r person-leve        Number of Observations
-------------------------------------------------------------------------------
                                             Total      Integers   Nonintegers
|  #                         Negative            -             -             -
|  #                         Zero                -             -             -
|  #                         Positive       40,975             -        40,975
|  #                                   -----------   -----------   -----------
|  #                         Total          40,975             -        40,975
|  #   .   .   .   .         Missing        24,938
+----------------------                -----------
.4069192       5.600776                     65,913
(More than 99 unique values)

r6scwtresp:  r6scwtresp:w6 r person-leve        Number of Observations
-------------------------------------------------------------------------------
                                             Total      Integers   Nonintegers
|  #                         Negative            -             -             -
|  #                         Zero                -             -             -
|  #                         Positive       38,827             -        38,827
|  #                                   -----------   -----------   -----------
|  #                         Total          38,827             -        38,827
|  #   .   .   .   .         Missing        27,086
+----------------------                -----------
.3588781       7.794336                     65,913
(More than 99 unique values)

r7scwtresp:  r7scwtresp:w7 r person-leve        Number of Observations
-------------------------------------------------------------------------------
                                             Total      Integers   Nonintegers
|  #                         Negative            -             -             -
|  #                         Zero                -             -             -
|  #                         Positive       34,641             -        34,641
|  #                                   -----------   -----------   -----------
|  #                         Total          34,641             -        34,641
|  #   .   .   .   .         Missing        31,272
+----------------------                -----------
.2111084       8.524877                     65,913
(More than 99 unique values)

iwindm:  Interview Month                        Number of Observations
------------------------               ---------------------------------------
                                             Total      Integers   Nonintegers
|                  #         Negative            -             -             -
|                  #         Zero                -             -             -
|  #               #         Positive       60,794        60,794             -
|  #       #   #   #                   -----------   -----------   -----------
|  #       #   #   #         Total          60,794        60,794             -
|  #   .   #   #   #         Missing         5,119
+----------------------                -----------
1                    12                     65,913
  (12 unique values)

iwindy:  Interview Year                         Number of Observations
-----------------------                ---------------------------------------
                                             Total      Integers   Nonintegers
|  #                         Negative            -             -             -
|  #                         Zero                -             -             -
|  #           #             Positive       60,794        60,794             -
|  #   #   #   #   #                   -----------   -----------   -----------
|  #   #   #   #   #         Total          60,794        60,794             -
|  #   #   #   #   #         Missing         5,119
+----------------------                -----------
2004               2015                     65,913
  (12 unique values)

rabyear:  rabyear: r birth year                 Number of Observations
-------------------------------        ---------------------------------------
                                             Total      Integers   Nonintegers
|          #                 Negative            -             -             -
|          #                 Zero                -             -             -
|          #                 Positive       65,912        65,912             -
|      #   #                           -----------   -----------   -----------
|      #   #                 Total          65,912        65,912             -
|  .   #   #   .   .         Missing             1
+----------------------                -----------
1908               1987                     65,913
  (77 unique values)

radyear:  radyear: r death year                 Number of Observations
-------------------------------        ---------------------------------------
                                             Total      Integers   Nonintegers
|                  #         Negative            -             -             -
|                  #         Zero                -             -             -
|                  #         Positive        7,783         7,783             -
|          #   #   #                   -----------   -----------   -----------
|          #   #   #         Total           7,783         7,783             -
|  .   .   #   #   #         Missing        58,130
+----------------------                -----------
2000               2012                     65,913
  (12 unique values)

agey:  Age at Interview (yrs)                   Number of Observations
-----------------------------          ---------------------------------------
                                             Total      Integers   Nonintegers
|              #             Negative            -             -             -
|              #             Zero                -             -             -
|          #   #             Positive       60,793        60,793             -
|          #   #                       -----------   -----------   -----------
|          #   #   #         Total          60,793        60,793             -
|  .   .   #   #   #         Missing         5,120
+----------------------                -----------
17                   90                     65,913
  (70 unique values)

r1fagey:  r1fagey:w1 r flag age at iwv t        Number of Observations
-------------------------------------------------------------------------------
                                             Total      Integers   Nonintegers
|  #                         Negative            -             -             -
|  #                         Zero           46,691        46,691             -
|  #                         Positive          221           221             -
|  #                                   -----------   -----------   -----------
|  #                         Total          46,912        46,912             -
|  #   .                     Missing        19,001
+----------------------                -----------
0                     1                     65,913
   (2 unique values)

      r1fagey is labeled and all values are documented in the label.

r2fagey:  r2fagey:w2 r flag age at iwv t        Number of Observations
-------------------------------------------------------------------------------
                                             Total      Integers   Nonintegers
|  #                         Negative            -             -             -
|  #                         Zero           42,876        42,876             -
|  #                         Positive          361           361             -
|  #                                   -----------   -----------   -----------
|  #                         Total          43,237        43,237             -
|  #   .                     Missing        22,676
+----------------------                -----------
0                     1                     65,913
   (2 unique values)

      r2fagey is labeled and all values are documented in the label.

r3fagey:  r3fagey:w3 r flag age at iwv t        Number of Observations
-------------------------------------------------------------------------------
                                             Total      Integers   Nonintegers
|  #                         Negative            -             -             -
|  #                         Zero           46,601        46,601             -
|  #                         Positive          450           450             -
|  #                                   -----------   -----------   -----------
|  #                         Total          47,051        47,051             -
|  #   .                     Missing        18,862
+----------------------                -----------
0                     1                     65,913
   (2 unique values)

      r3fagey is labeled and all values are documented in the label.

r4fagey:  r4fagey:w4 r flag age at iwv t        Number of Observations
-------------------------------------------------------------------------------
                                             Total      Integers   Nonintegers
|  #                         Negative            -             -             -
|  #                         Zero           52,098        52,098             -
|  #                         Positive          643           643             -
|  #                                   -----------   -----------   -----------
|  #                         Total          52,741        52,741             -
|  #   .                     Missing        13,172
+----------------------                -----------
0                     1                     65,913
   (2 unique values)

      r4fagey is labeled and all values are documented in the label.

r5fagey:  r5fagey:w5 r flag age at iwv t        Number of Observations
-------------------------------------------------------------------------------
                                             Total      Integers   Nonintegers
|  #                         Negative            -             -             -
|  #                         Zero           49,858        49,858             -
|  #                         Positive          882           882             -
|  #                                   -----------   -----------   -----------
|  #                         Total          50,740        50,740             -
|  #   .                     Missing        15,173
+----------------------                -----------
0                     1                     65,913
   (2 unique values)

      r5fagey is labeled and all values are documented in the label.

r6fagey:  r6fagey:w6 r flag age at iwv t        Number of Observations
-------------------------------------------------------------------------------
                                             Total      Integers   Nonintegers
|  #                         Negative            -             -             -
|  #                         Zero           48,670        48,670             -
|  #                         Positive        1,105         1,105             -
|  #                                   -----------   -----------   -----------
|  #                         Total          49,775        49,775             -
|  #   .                     Missing        16,138
+----------------------                -----------
0                     1                     65,913
   (2 unique values)

      r6fagey is labeled and all values are documented in the label.

r7fagey:  r7fagey:w7 r flag age at iwv t        Number of Observations
-------------------------------------------------------------------------------
                                             Total      Integers   Nonintegers
|  #                         Negative            -             -             -
|  #                         Zero           43,971        43,971             -
|  #                         Positive        1,097         1,097             -
|  #                                   -----------   -----------   -----------
|  #                         Total          45,068        45,068             -
|  #   .                     Missing        20,845
+----------------------                -----------
0                     1                     65,913
   (2 unique values)

      r7fagey is labeled and all values are documented in the label.

ragender:  ragender: r gender                   Number of Observations
-----------------------------          ---------------------------------------
                                             Total      Integers   Nonintegers
|      #                     Negative            -             -             -
|      #                     Zero                -             -             -
|  #   #                     Positive       65,913        65,913             -
|  #   #                               -----------   -----------   -----------
|  #   #                     Total          65,913        65,913             -
|  #   #                     Missing             -
+----------------------                -----------
1                     2                     65,913
   (2 unique values)

      ragender is labeled and all values are documented in the label.

walkra:  Difficulty walking across room         Number of Observations
------------------------------------------------------------------------------
                                             Total      Integers   Nonintegers
|  #                         Negative            -             -             -
|  #                         Zero           58,583        58,583             -
|  #                         Positive        2,180         2,180             -
|  #                                   -----------   -----------   -----------
|  #                         Total          60,763        60,763             -
|  #   .                     Missing         5,150
+----------------------                -----------
0                     1                     65,913
   (2 unique values)

      walkra is labeled and all values are documented in the label.

dressa:  Difficulty dressing                    Number of Observations
----------------------------           ---------------------------------------
                                             Total      Integers   Nonintegers
|  #                         Negative            -             -             -
|  #                         Zero           52,958        52,958             -
|  #                         Positive        7,805         7,805             -
|  #                                   -----------   -----------   -----------
|  #                         Total          60,763        60,763             -
|  #   .                     Missing         5,150
+----------------------                -----------
0                     1                     65,913
   (2 unique values)

      dressa is labeled and all values are documented in the label.

batha:  Difficulty bathing/showering            Number of Observations
------------------------------------   ---------------------------------------
                                             Total      Integers   Nonintegers
|  #                         Negative            -             -             -
|  #                         Zero           54,543        54,543             -
|  #                         Positive        6,220         6,220             -
|  #                                   -----------   -----------   -----------
|  #                         Total          60,763        60,763             -
|  #   .                     Missing         5,150
+----------------------                -----------
0                     1                     65,913
   (2 unique values)

      batha is labeled and all values are documented in the label.

eata:  Difficulty eating                        Number of Observations
------------------------               ---------------------------------------
                                             Total      Integers   Nonintegers
|  #                         Negative            -             -             -
|  #                         Zero           59,275        59,275             -
|  #                         Positive        1,488         1,488             -
|  #                                   -----------   -----------   -----------
|  #                         Total          60,763        60,763             -
|  #   .                     Missing         5,150
+----------------------                -----------
0                     1                     65,913
   (2 unique values)

      eata is labeled and all values are documented in the label.

beda:  Difficulty getting in/out of bed         Number of Observations
------------------------------------------------------------------------------
                                             Total      Integers   Nonintegers
|  #                         Negative            -             -             -
|  #                         Zero           57,023        57,023             -
|  #                         Positive        3,740         3,740             -
|  #                                   -----------   -----------   -----------
|  #                         Total          60,763        60,763             -
|  #   .                     Missing         5,150
+----------------------                -----------
0                     1                     65,913
   (2 unique values)

      beda is labeled and all values are documented in the label.

toilta:  Difficulty using the toilet            Number of Observations
------------------------------------   ---------------------------------------
                                             Total      Integers   Nonintegers
|  #                         Negative            -             -             -
|  #                         Zero           58,571        58,571             -
|  #                         Positive        2,192         2,192             -
|  #                                   -----------   -----------   -----------
|  #                         Total          60,763        60,763             -
|  #   .                     Missing         5,150
+----------------------                -----------
0                     1                     65,913
   (2 unique values)

      toilta is labeled and all values are documented in the label.

mapa:  Difficulty using a map                   Number of Observations
-----------------------------          ---------------------------------------
                                             Total      Integers   Nonintegers
|  #                         Negative            -             -             -
|  #                         Zero           57,543        57,543             -
|  #                         Positive        3,220         3,220             -
|  #                                   -----------   -----------   -----------
|  #                         Total          60,763        60,763             -
|  #   .                     Missing         5,150
+----------------------                -----------
0                     1                     65,913
   (2 unique values)

      mapa is labeled and all values are documented in the label.

phonea:  Difficulty using a telephone           Number of Observations
-------------------------------------  ---------------------------------------
                                             Total      Integers   Nonintegers
|  #                         Negative            -             -             -
|  #                         Zero           59,075        59,075             -
|  #                         Positive        1,688         1,688             -
|  #                                   -----------   -----------   -----------
|  #                         Total          60,763        60,763             -
|  #   .                     Missing         5,150
+----------------------                -----------
0                     1                     65,913
   (2 unique values)

      phonea is labeled and all values are documented in the label.

moneya:  Difficulty  managing money             Number of Observations
-----------------------------------    ---------------------------------------
                                             Total      Integers   Nonintegers
|  #                         Negative            -             -             -
|  #                         Zero           58,583        58,583             -
|  #                         Positive        2,180         2,180             -
|  #                                   -----------   -----------   -----------
|  #                         Total          60,763        60,763             -
|  #   .                     Missing         5,150
+----------------------                -----------
0                     1                     65,913
   (2 unique values)

      moneya is labeled and all values are documented in the label.

medsa:  Difficulty taking medications           Number of Observations
-------------------------------------  ---------------------------------------
                                             Total      Integers   Nonintegers
|  #                         Negative            -             -             -
|  #                         Zero           59,234        59,234             -
|  #                         Positive        1,529         1,529             -
|  #                                   -----------   -----------   -----------
|  #                         Total          60,763        60,763             -
|  #   .                     Missing         5,150
+----------------------                -----------
0                     1                     65,913
   (2 unique values)

      medsa is labeled and all values are documented in the label.

shopa:  Difficulty shopping for grocerie        Number of Observations
-------------------------------------------------------------------------------
                                             Total      Integers   Nonintegers
|  #                         Negative            -             -             -
|  #                         Zero           54,986        54,986             -
|  #                         Positive        5,777         5,777             -
|  #                                   -----------   -----------   -----------
|  #                         Total          60,763        60,763             -
|  #   .                     Missing         5,150
+----------------------                -----------
0                     1                     65,913
   (2 unique values)

      shopa is labeled and all values are documented in the label.

mealsa:  Difficulty preparing a hot meal        Number of Observations
-------------------------------------------------------------------------------
                                             Total      Integers   Nonintegers
|  #                         Negative            -             -             -
|  #                         Zero           57,698        57,698             -
|  #                         Positive        3,065         3,065             -
|  #                                   -----------   -----------   -----------
|  #                         Total          60,763        60,763             -
|  #   .                     Missing         5,150
+----------------------                -----------
0                     1                     65,913
   (2 unique values)

      mealsa is labeled and all values are documented in the label.

housewka:  Difficulty doing housework/ga        Number of Observations
-------------------------------------------------------------------------------
                                             Total      Integers   Nonintegers
|  #                         Negative            -             -             -
|  #                         Zero           51,436        51,436             -
|  #                         Positive        9,327         9,327             -
|  #                                   -----------   -----------   -----------
|  #                         Total          60,763        60,763             -
|  #   #                     Missing         5,150
+----------------------                -----------
0                     1                     65,913
   (2 unique values)

      housewka is labeled and all values are documented in the label.

hibpe:  Hypertension ever                       Number of Observations
-------------------------              ---------------------------------------
                                             Total      Integers   Nonintegers
|  #                         Negative            -             -             -
|  #                         Zero           35,317        35,317             -
|  #   #                     Positive       25,465        25,465             -
|  #   #                               -----------   -----------   -----------
|  #   #                     Total          60,782        60,782             -
|  #   #                     Missing         5,131
+----------------------                -----------
0                     1                     65,913
   (2 unique values)

      hibpe is labeled and all values are documented in the label.

diabe:  Diabetes ever                           Number of Observations
---------------------                  ---------------------------------------
                                             Total      Integers   Nonintegers
|  #                         Negative            -             -             -
|  #                         Zero           54,676        54,676             -
|  #                         Positive        6,106         6,106             -
|  #                                   -----------   -----------   -----------
|  #                         Total          60,782        60,782             -
|  #   .                     Missing         5,131
+----------------------                -----------
0                     1                     65,913
   (2 unique values)

      diabe is labeled and all values are documented in the label.

cancre:  Cancer ever                            Number of Observations
--------------------                   ---------------------------------------
                                             Total      Integers   Nonintegers
|  #                         Negative            -             -             -
|  #                         Zero           55,383        55,383             -
|  #                         Positive        5,400         5,400             -
|  #                                   -----------   -----------   -----------
|  #                         Total          60,783        60,783             -
|  #   .                     Missing         5,130
+----------------------                -----------
0                     1                     65,913
   (2 unique values)

      cancre is labeled and all values are documented in the label.

lunge:  Lung disease ever                       Number of Observations
-------------------------              ---------------------------------------
                                             Total      Integers   Nonintegers
|  #                         Negative            -             -             -
|  #                         Zero           57,064        57,064             -
|  #                         Positive        3,719         3,719             -
|  #                                   -----------   -----------   -----------
|  #                         Total          60,783        60,783             -
|  #   .                     Missing         5,130
+----------------------                -----------
0                     1                     65,913
   (2 unique values)

      lunge is labeled and all values are documented in the label.

hearte:  Heart disease ever                     Number of Observations
---------------------------            ---------------------------------------
                                             Total      Integers   Nonintegers
|  #                         Negative            -             -             -
|  #                         Zero           49,344        49,344             -
|  #                         Positive       11,438        11,438             -
|  #                                   -----------   -----------   -----------
|  #                         Total          60,782        60,782             -
|  #   #                     Missing         5,131
+----------------------                -----------
0                     1                     65,913
   (2 unique values)

      hearte is labeled and all values are documented in the label.

stroke:  Stroke ever                            Number of Observations
--------------------                   ---------------------------------------
                                             Total      Integers   Nonintegers
|  #                         Negative            -             -             -
|  #                         Zero           57,957        57,957             -
|  #                         Positive        2,825         2,825             -
|  #                                   -----------   -----------   -----------
|  #                         Total          60,782        60,782             -
|  #   .                     Missing         5,131
+----------------------                -----------
0                     1                     65,913
   (2 unique values)

      stroke is labeled and all values are documented in the label.

psyche:  Pyschological problems ever            Number of Observations
------------------------------------   ---------------------------------------
                                             Total      Integers   Nonintegers
|  #                         Negative            -             -             -
|  #                         Zero           54,639        54,639             -
|  #                         Positive        6,144         6,144             -
|  #                                   -----------   -----------   -----------
|  #                         Total          60,783        60,783             -
|  #   .                     Missing         5,130
+----------------------                -----------
0                     1                     65,913
   (2 unique values)

      psyche is labeled and all values are documented in the label.

arthre:  Arthritis ever                         Number of Observations
-----------------------                ---------------------------------------
                                             Total      Integers   Nonintegers
|  #                         Negative            -             -             -
|  #                         Zero           38,708        38,708             -
|  #                         Positive       22,074        22,074             -
|  #   #                               -----------   -----------   -----------
|  #   #                     Total          60,782        60,782             -
|  #   #                     Missing         5,131
+----------------------                -----------
0                     1                     65,913
   (2 unique values)

      arthre is labeled and all values are documented in the label.

smokev:  Smoke ever                             Number of Observations
-------------------                    ---------------------------------------
                                             Total      Integers   Nonintegers
|      #                     Negative            -             -             -
|      #                     Zero           22,934        22,934             -
|      #                     Positive       37,172        37,172             -
|  #   #                               -----------   -----------   -----------
|  #   #                     Total          60,106        60,106             -
|  #   #                     Missing         5,807
+----------------------                -----------
0                     1                     65,913
   (2 unique values)

      smokev is labeled and all values are documented in the label.

smoken:  Smoke now                              Number of Observations
------------------                     ---------------------------------------
                                             Total      Integers   Nonintegers
|  #                         Negative            -             -             -
|  #                         Zero           52,025        52,025             -
|  #                         Positive        8,222         8,222             -
|  #                                   -----------   -----------   -----------
|  #                         Total          60,247        60,247             -
|  #   .                     Missing         5,666
+----------------------                -----------
0                     1                     65,913
   (2 unique values)

      smoken is labeled and all values are documented in the label.

smokef:  Average cigs/day                       Number of Observations
-------------------------              ---------------------------------------
                                             Total      Integers   Nonintegers
|  #                         Negative            -             -             -
|  #                         Zero           54,128        54,128             -
|  #                         Positive        5,849         4,662         1,187
|  #                                   -----------   -----------   -----------
|  #                         Total          59,977        58,790         1,187
|  #   .   .   .   .         Missing         5,936
+----------------------                -----------
0              124.2857                     65,913
(More than 99 unique values)

strat:                                          Number of Observations
--------                               ---------------------------------------
                                             Total      Integers   Nonintegers
|          #                 Negative            -             -             -
|  #       #   #   #         Zero                -             -             -
|  #   #   #   #   #         Positive        9,338         9,338             -
|  #   #   #   #   #                   -----------   -----------   -----------
|  #   #   #   #   #         Total           9,338         9,338             -
|  #   #   #   #   #         Missing        56,575
+----------------------                -----------
1                   100                     65,913
(More than 99 unique values)

bmi:  BMI                                       Number of Observations
---------                              ---------------------------------------
                                             Total      Integers   Nonintegers
|      #                     Negative            -             -             -
|      #                     Zero                -             -             -
|      #                     Positive       23,180             6        23,174
|  #   #                               -----------   -----------   -----------
|  #   #                     Total          23,180             6        23,174
|  #   #   .   .   .         Missing        42,733
+----------------------                -----------
14.66939       71.11111                     65,913
(More than 99 unique values)

educ:  Education Level                          Number of Observations
----------------------                 ---------------------------------------
                                             Total      Integers   Nonintegers
|  #                         Negative            -             -             -
|  #       #                 Zero                -             -             -
|  #       #                 Positive       54,823        54,823             -
|  #       #                           -----------   -----------   -----------
|  #   #   #                 Total          54,823        54,823             -
|  #   #   #                 Missing        11,090
+----------------------                -----------
1                     3                     65,913
   (3 unique values)

      educ is labeled and all values are documented in the label.

hsless:  Less than secondary school             Number of Observations
-----------------------------------    ---------------------------------------
                                             Total      Integers   Nonintegers
|  #                         Negative            -             -             -
|  #                         Zero           42,085        42,085             -
|  #                         Positive       23,828        23,828             -
|  #   #                               -----------   -----------   -----------
|  #   #                     Total          65,913        65,913             -
|  #   #                     Missing             -
+----------------------                -----------
0                     1                     65,913
   (2 unique values)

college:  More than secondary school            Number of Observations
------------------------------------   ---------------------------------------
                                             Total      Integers   Nonintegers
|  #                         Negative            -             -             -
|  #                         Zero           45,494        45,494             -
|  #                         Positive       20,419        20,419             -
|  #                                   -----------   -----------   -----------
|  #   #                     Total          65,913        65,913             -
|  #   #                     Missing             -
+----------------------                -----------
0                     1                     65,913
   (2 unique values)

male:  Male                                     Number of Observations
-----------                            ---------------------------------------
                                             Total      Integers   Nonintegers
|  #                         Negative            -             -             -
|  #                         Zero           36,410        36,410             -
|  #   #                     Positive       29,503        29,503             -
|  #   #                               -----------   -----------   -----------
|  #   #                     Total          65,913        65,913             -
|  #   #                     Missing             -
+----------------------                -----------
0                     1                     65,913
   (2 unique values)

died:                                           Number of Observations
-------                                ---------------------------------------
                                             Total      Integers   Nonintegers
|  #                         Negative            -             -             -
|  #                         Zero           63,156        63,156             -
|  #                         Positive        2,757         2,757             -
|  #                                   -----------   -----------   -----------
|  #                         Total          65,913        65,913             -
|  #   .                     Missing             -
+----------------------                -----------
0                     1                     65,913
   (2 unique values)

hhidpn:                                         Number of Observations
---------                              ---------------------------------------
                                             Total      Integers   Nonintegers
|  #                         Negative            -             -             -
|  #                         Zero                -             -             -
|  #                         Positive       65,913        65,913             -
|  #                                   -----------   -----------   -----------
|  #                         Total          65,913        65,913             -
|  #   .   .   .   .         Missing             -
+----------------------                -----------
100001           900034                     65,913
(More than 99 unique values)

year:                                           Number of Observations
-------                                ---------------------------------------
                                             Total      Integers   Nonintegers
|                  #         Negative            -             -             -
|                  #         Zero                -             -             -
|                  #         Positive       65,913        65,913             -
|  #   #   #   #   #                   -----------   -----------   -----------
|  #   #   #   #   #         Total          65,913        65,913             -
|  #   #   #   #   #         Missing             -
+----------------------                -----------
2004               2014                     65,913
   (6 unique values)

weight:  Cross-Sectional sampling weight        Number of Observations
-------------------------------------------------------------------------------
                                             Total      Integers   Nonintegers
|  #                         Negative            -             -             -
|  #                         Zero            6,689         6,689             -
|  #                         Positive       44,673             1        44,672
|  #                                   -----------   -----------   -----------
|  #                         Total          51,362         6,690        44,672
|  #   .   .   .   .         Missing        14,551
+----------------------                -----------
0              7.517719                     65,913
(More than 99 unique values)

adlcount:                                       Number of Observations
-----------                            ---------------------------------------
                                             Total      Integers   Nonintegers
|  #                         Negative            -             -             -
|  #                         Zero           54,606        54,606             -
|  #                         Positive       11,307        11,307             -
|  #                                   -----------   -----------   -----------
|  #                         Total          65,913        65,913             -
|  #   .   .   .   .         Missing             -
+----------------------                -----------
0                     6                     65,913
   (7 unique values)

iadlcount:                                      Number of Observations
------------                           ---------------------------------------
                                             Total      Integers   Nonintegers
|  #                         Negative            -             -             -
|  #                         Zero           53,591        53,591             -
|  #                         Positive       12,322        12,322             -
|  #                                   -----------   -----------   -----------
|  #                         Total          65,913        65,913             -
|  #   .   .   .   .         Missing             -
+----------------------                -----------
0                     7                     65,913
   (8 unique values)

adlstat:  RECODE of adlcount                    Number of Observations
----------------------------           ---------------------------------------
                                             Total      Integers   Nonintegers
|  #                         Negative            -             -             -
|  #                         Zero                -             -             -
|  #                         Positive       65,913        65,913             -
|  #                                   -----------   -----------   -----------
|  #                         Total          65,913        65,913             -
|  #   .   .   .   .         Missing             -
+----------------------                -----------
1                     6                     65,913
   (5 unique values)

      adlstat is labeled but 464 values are NOT documented in the label.

anyadl:  RECODE of adlcount                     Number of Observations
---------------------------            ---------------------------------------
                                             Total      Integers   Nonintegers
|  #                         Negative            -             -             -
|  #                         Zero           54,606        54,606             -
|  #                         Positive       11,307        11,307             -
|  #                                   -----------   -----------   -----------
|  #                         Total          65,913        65,913             -
|  #   .   .                 Missing             -
+----------------------                -----------
0                     6                     65,913
   (3 unique values)

      anyadl is labeled but 464 values are NOT documented in the label.

iadlstat:  RECODE of iadlcount                  Number of Observations
------------------------------         ---------------------------------------
                                             Total      Integers   Nonintegers
|  #                         Negative            -             -             -
|  #                         Zero                -             -             -
|  #                         Positive       65,913        65,913             -
|  #                                   -----------   -----------   -----------
|  #                         Total          65,913        65,913             -
|  #   .   .   .   .         Missing             -
+----------------------                -----------
1                     7                     65,913
   (5 unique values)

      iadlstat is labeled but 868 values are NOT documented in the label.

anyiadl:  RECODE of iadlcount                   Number of Observations
-----------------------------          ---------------------------------------
                                             Total      Integers   Nonintegers
|  #                         Negative            -             -             -
|  #                         Zero           53,591        53,591             -
|  #                         Positive       12,322        12,322             -
|  #                                   -----------   -----------   -----------
|  #                         Total          65,913        65,913             -
|  #   .   .   .             Missing             -
+----------------------                -----------
0                     7                     65,913
   (4 unique values)

      anyiadl is labeled but 868 values are NOT documented in the label.

logbmi:                                         Number of Observations
---------                              ---------------------------------------
                                             Total      Integers   Nonintegers
|          #                 Negative            -             -             -
|          #                 Zero                -             -             -
|          #                 Positive       65,913             -        65,913
|      #   #                           -----------   -----------   -----------
|      #   #                 Total          65,913             -        65,913
|  .   #   #   .   .         Missing             -
+----------------------                -----------
2.685763       4.264244                     65,913
(More than 99 unique values)

smkstat:                                        Number of Observations
----------                             ---------------------------------------
                                             Total      Integers   Nonintegers
|      #                     Negative            -             -             -
|      #                     Zero                -             -             -
|  #   #                     Positive       59,914        59,914             -
|  #   #                               -----------   -----------   -----------
|  #   #                     Total          59,914        59,914             -
|  #   #   #                 Missing         5,999
+----------------------                -----------
1                     3                     65,913
   (3 unique values)

      smkstat is labeled and all values are documented in the label.

l2iwstat:                                       Number of Observations
-----------                            ---------------------------------------
                                             Total      Integers   Nonintegers
|  #                         Negative            -             -             -
|  #                         Zero                -             -             -
|  #                         Positive       57,600        57,600             -
|  #                                   -----------   -----------   -----------
|  #                         Total          57,600        57,600             -
|  #   .                     Missing         8,313
+----------------------                -----------
1                     4                     65,913
   (2 unique values)

l2agey:                                         Number of Observations
---------                              ---------------------------------------
                                             Total      Integers   Nonintegers
|              #             Negative            -             -             -
|              #             Zero                -             -             -
|          #   #             Positive       55,461        55,461             -
|          #   #                       -----------   -----------   -----------
|          #   #   #         Total          55,461        55,461             -
|  .   .   #   #   #         Missing        10,452
+----------------------                -----------
17                   90                     65,913
  (68 unique values)

l2hibpe:  Lag: hypertension                     Number of Observations
---------------------------            ---------------------------------------
                                             Total      Integers   Nonintegers
|  #                         Negative            -             -             -
|  #                         Zero           33,038        33,038             -
|  #   #                     Positive       22,411        22,411             -
|  #   #                               -----------   -----------   -----------
|  #   #                     Total          55,449        55,449             -
|  #   #                     Missing        10,464
+----------------------                -----------
0                     1                     65,913
   (2 unique values)

l2diabe:  Lag: diabetes                         Number of Observations
-----------------------                ---------------------------------------
                                             Total      Integers   Nonintegers
|  #                         Negative            -             -             -
|  #                         Zero           50,444        50,444             -
|  #                         Positive        5,005         5,005             -
|  #                                   -----------   -----------   -----------
|  #                         Total          55,449        55,449             -
|  #   .                     Missing        10,464
+----------------------                -----------
0                     1                     65,913
   (2 unique values)

l2cancre:  Lag: cancer                          Number of Observations
----------------------                 ---------------------------------------
                                             Total      Integers   Nonintegers
|  #                         Negative            -             -             -
|  #                         Zero           50,982        50,982             -
|  #                         Positive        4,467         4,467             -
|  #                                   -----------   -----------   -----------
|  #                         Total          55,449        55,449             -
|  #   .                     Missing        10,464
+----------------------                -----------
0                     1                     65,913
   (2 unique values)

l2lunge:  Lag: lung disease                     Number of Observations
---------------------------            ---------------------------------------
                                             Total      Integers   Nonintegers
|  #                         Negative            -             -             -
|  #                         Zero           52,197        52,197             -
|  #                         Positive        3,252         3,252             -
|  #                                   -----------   -----------   -----------
|  #                         Total          55,449        55,449             -
|  #   .                     Missing        10,464
+----------------------                -----------
0                     1                     65,913
   (2 unique values)

l2hearte:  Lag: heart disease                   Number of Observations
-----------------------------          ---------------------------------------
                                             Total      Integers   Nonintegers
|  #                         Negative            -             -             -
|  #                         Zero           45,566        45,566             -
|  #                         Positive        9,883         9,883             -
|  #                                   -----------   -----------   -----------
|  #                         Total          55,449        55,449             -
|  #   #                     Missing        10,464
+----------------------                -----------
0                     1                     65,913
   (2 unique values)

l2stroke:  Lag: stroke                          Number of Observations
----------------------                 ---------------------------------------
                                             Total      Integers   Nonintegers
|  #                         Negative            -             -             -
|  #                         Zero           52,964        52,964             -
|  #                         Positive        2,485         2,485             -
|  #                                   -----------   -----------   -----------
|  #                         Total          55,449        55,449             -
|  #   .                     Missing        10,464
+----------------------                -----------
0                     1                     65,913
   (2 unique values)

l2psyche:                                       Number of Observations
-----------                            ---------------------------------------
                                             Total      Integers   Nonintegers
|  #                         Negative            -             -             -
|  #                         Zero           50,343        50,343             -
|  #                         Positive        5,106         5,106             -
|  #                                   -----------   -----------   -----------
|  #                         Total          55,449        55,449             -
|  #   .                     Missing        10,464
+----------------------                -----------
0                     1                     65,913
   (2 unique values)

l2arthre:                                       Number of Observations
-----------                            ---------------------------------------
                                             Total      Integers   Nonintegers
|  #                         Negative            -             -             -
|  #                         Zero           36,088        36,088             -
|  #                         Positive       19,360        19,360             -
|  #   #                               -----------   -----------   -----------
|  #   #                     Total          55,448        55,448             -
|  #   #                     Missing        10,465
+----------------------                -----------
0                     1                     65,913
   (2 unique values)

l2bmi:                                          Number of Observations
--------                               ---------------------------------------
                                             Total      Integers   Nonintegers
|      #                     Negative            -             -             -
|      #                     Zero                -             -             -
|      #                     Positive       21,125             5        21,120
|  #   #                               -----------   -----------   -----------
|  #   #                     Total          21,125             5        21,120
|  #   #   .   .   .         Missing        44,788
+----------------------                -----------
14.66939       71.11111                     65,913
(More than 99 unique values)

l2logbmi:                                       Number of Observations
-----------                            ---------------------------------------
                                             Total      Integers   Nonintegers
|          #                 Negative            -             -             -
|          #                 Zero                -             -             -
|          #                 Positive       65,913             -        65,913
|      #   #                           -----------   -----------   -----------
|      #   #                 Total          65,913             -        65,913
|  .   #   #   .   .         Missing             -
+----------------------                -----------
2.685763       4.264244                     65,913
(More than 99 unique values)

l2smokev:  Lag: ever smoked                     Number of Observations
---------------------------            ---------------------------------------
                                             Total      Integers   Nonintegers
|      #                     Negative            -             -             -
|      #                     Zero           20,794        20,794             -
|      #                     Positive       34,158        34,158             -
|  #   #                               -----------   -----------   -----------
|  #   #                     Total          54,952        54,952             -
|  #   #                     Missing        10,961
+----------------------                -----------
0                     1                     65,913
   (2 unique values)

l2smoken:  Lag: current smoker                  Number of Observations
------------------------------         ---------------------------------------
                                             Total      Integers   Nonintegers
|  #                         Negative            -             -             -
|  #                         Zero           46,967        46,967             -
|  #                         Positive        7,935         7,935             -
|  #                                   -----------   -----------   -----------
|  #                         Total          54,902        54,902             -
|  #   #                     Missing        11,011
+----------------------                -----------
0                     1                     65,913
   (2 unique values)

l2died:                                         Number of Observations
---------                              ---------------------------------------
                                             Total      Integers   Nonintegers
|  #                         Negative            -             -             -
|  #                         Zero           57,600        57,600             -
|  #                         Positive            -             -             -
|  #                                   -----------   -----------   -----------
|  #                         Total          57,600        57,600             -
|  #                         Missing         8,313
+----------------------                -----------
0                                           65,913
   (1 unique value)

l2adlcount:                                     Number of Observations
-------------                          ---------------------------------------
                                             Total      Integers   Nonintegers
|  #                         Negative            -             -             -
|  #                         Zero           47,019        47,019             -
|  #                         Positive       10,581        10,581             -
|  #                                   -----------   -----------   -----------
|  #                         Total          57,600        57,600             -
|  #   .   .   .   .         Missing         8,313
+----------------------                -----------
0                     6                     65,913
   (7 unique values)

l2adlstat:                                      Number of Observations
------------                           ---------------------------------------
                                             Total      Integers   Nonintegers
|  #                         Negative            -             -             -
|  #                         Zero                -             -             -
|  #                         Positive       57,600        57,600             -
|  #                                   -----------   -----------   -----------
|  #                         Total          57,600        57,600             -
|  #   .   .   .   .         Missing         8,313
+----------------------                -----------
1                     6                     65,913
   (5 unique values)

l2anyadl:                                       Number of Observations
-----------                            ---------------------------------------
                                             Total      Integers   Nonintegers
|  #                         Negative            -             -             -
|  #                         Zero           47,019        47,019             -
|  #                         Positive       10,581        10,581             -
|  #                                   -----------   -----------   -----------
|  #                         Total          57,600        57,600             -
|  #   .   .                 Missing         8,313
+----------------------                -----------
0                     6                     65,913
   (3 unique values)

l2iadlcount:                                    Number of Observations
--------------                         ---------------------------------------
                                             Total      Integers   Nonintegers
|  #                         Negative            -             -             -
|  #                         Zero           46,213        46,213             -
|  #                         Positive       11,387        11,387             -
|  #                                   -----------   -----------   -----------
|  #                         Total          57,600        57,600             -
|  #   .   .   .   .         Missing         8,313
+----------------------                -----------
0                     7                     65,913
   (8 unique values)

l2iadlstat:                                     Number of Observations
-------------                          ---------------------------------------
                                             Total      Integers   Nonintegers
|  #                         Negative            -             -             -
|  #                         Zero                -             -             -
|  #                         Positive       57,600        57,600             -
|  #                                   -----------   -----------   -----------
|  #                         Total          57,600        57,600             -
|  #   .   .   .   .         Missing         8,313
+----------------------                -----------
1                     7                     65,913
   (5 unique values)

l2anyiadl:                                      Number of Observations
------------                           ---------------------------------------
                                             Total      Integers   Nonintegers
|  #                         Negative            -             -             -
|  #                         Zero           46,213        46,213             -
|  #                         Positive       11,387        11,387             -
|  #                                   -----------   -----------   -----------
|  #                         Total          57,600        57,600             -
|  #   .   .   .             Missing         8,313
+----------------------                -----------
0                     7                     65,913
   (4 unique values)

l2smkstat:                                      Number of Observations
------------                           ---------------------------------------
                                             Total      Integers   Nonintegers
|      #                     Negative            -             -             -
|      #                     Zero                -             -             -
|  #   #                     Positive       54,785        54,785             -
|  #   #                               -----------   -----------   -----------
|  #   #                     Total          54,785        54,785             -
|  #   #   #                 Missing        11,128
+----------------------                -----------
1                     3                     65,913
   (3 unique values)

l2educ:                                         Number of Observations
---------                              ---------------------------------------
                                             Total      Integers   Nonintegers
|  #                         Negative            -             -             -
|  #       #                 Zero                -             -             -
|  #       #                 Positive       49,225        49,225             -
|  #       #                           -----------   -----------   -----------
|  #   #   #                 Total          49,225        49,225             -
|  #   #   #                 Missing        16,688
+----------------------                -----------
1                     3                     65,913
   (3 unique values)

any_adl:                                        Number of Observations
----------                             ---------------------------------------
                                             Total      Integers   Nonintegers
|  #                         Negative            -             -             -
|  #                         Zero           54,606        54,606             -
|  #                         Positive       11,307        11,307             -
|  #                                   -----------   -----------   -----------
|  #                         Total          65,913        65,913             -
|  #   #                     Missing             -
+----------------------                -----------
0                     1                     65,913
   (2 unique values)

any_iadl:                                       Number of Observations
-----------                            ---------------------------------------
                                             Total      Integers   Nonintegers
|  #                         Negative            -             -             -
|  #                         Zero           53,591        53,591             -
|  #                         Positive       12,322        12,322             -
|  #                                   -----------   -----------   -----------
|  #                         Total          65,913        65,913             -
|  #   #                     Missing             -
+----------------------                -----------
0                     1                     65,913
   (2 unique values)

smoke_start:                                    Number of Observations
--------------                         ---------------------------------------
                                             Total      Integers   Nonintegers
|  #                         Negative            -             -             -
|  #                         Zero           43,710        43,710             -
|  #                         Positive          500           500             -
|  #                                   -----------   -----------   -----------
|  #                         Total          44,210        44,210             -
|  #   .                     Missing        21,703
+----------------------                -----------
0                     1                     65,913
   (2 unique values)

smoke_stop:                                     Number of Observations
-------------                          ---------------------------------------
                                             Total      Integers   Nonintegers
|  #                         Negative            -             -             -
|  #                         Zero            6,175         6,175             -
|  #                         Positive        1,197         1,197             -
|  #                                   -----------   -----------   -----------
|  #                         Total           7,372         7,372             -
|  #   #                     Missing        58,541
+----------------------                -----------
0                     1                     65,913
   (2 unique values)

lungecat:                                       Number of Observations
-----------                            ---------------------------------------
                                             Total      Integers   Nonintegers
|                            Negative            -             -             -
|                            Zero                -             -             -
|                            Positive            -             -             -
|                                      -----------   -----------   -----------
|                            Total               -             -             -
|                            Missing        65,913
+----------------------                -----------
.             -9.0e+307                     65,913
   (0 unique value)

l2adl1:  Lag: 1 ADL                             Number of Observations
-------------------                    ---------------------------------------
                                             Total      Integers   Nonintegers
|  #                         Negative            -             -             -
|  #                         Zero           52,275        52,275             -
|  #                         Positive        5,325         5,325             -
|  #                                   -----------   -----------   -----------
|  #                         Total          57,600        57,600             -
|  #   .                     Missing         8,313
+----------------------                -----------
0                     1                     65,913
   (2 unique values)

l2adl2:  Lag: 2 ADL                             Number of Observations
-------------------                    ---------------------------------------
                                             Total      Integers   Nonintegers
|  #                         Negative            -             -             -
|  #                         Zero           55,222        55,222             -
|  #                         Positive        2,378         2,378             -
|  #                                   -----------   -----------   -----------
|  #                         Total          57,600        57,600             -
|  #   .                     Missing         8,313
+----------------------                -----------
0                     1                     65,913
   (2 unique values)

l2adl3p:  Lag: 3 or more ADLs                   Number of Observations
-----------------------------          ---------------------------------------
                                             Total      Integers   Nonintegers
|  #                         Negative            -             -             -
|  #                         Zero           55,066        55,066             -
|  #                         Positive        2,534         2,534             -
|  #                                   -----------   -----------   -----------
|  #                         Total          57,600        57,600             -
|  #   .                     Missing         8,313
+----------------------                -----------
0                     1                     65,913
   (2 unique values)

l2iadl1:  Lag: 1 IADL                           Number of Observations
---------------------                  ---------------------------------------
                                             Total      Integers   Nonintegers
|  #                         Negative            -             -             -
|  #                         Zero           52,028        52,028             -
|  #                         Positive        5,572         5,572             -
|  #                                   -----------   -----------   -----------
|  #                         Total          57,600        57,600             -
|  #   .                     Missing         8,313
+----------------------                -----------
0                     1                     65,913
   (2 unique values)

l2iadl2p:  Lag: 2 or more IADLs                 Number of Observations
-------------------------------        ---------------------------------------
                                             Total      Integers   Nonintegers
|  #                         Negative            -             -             -
|  #                         Zero           52,408        52,408             -
|  #                         Positive        5,192         5,192             -
|  #                                   -----------   -----------   -----------
|  #                         Total          57,600        57,600             -
|  #   .                     Missing         8,313
+----------------------                -----------
0                     1                     65,913
   (2 unique values)

l2age65l:  Lag: age spline less than 65         Number of Observations
------------------------------------------------------------------------------
                                             Total      Integers   Nonintegers
|                  #         Negative            -             -             -
|                  #         Zero                -             -             -
|                  #         Positive       55,461        55,461             -
|                  #                   -----------   -----------   -----------
|                  #         Total          55,461        55,461             -
|  .   .   .   .   #         Missing        10,452
+----------------------                -----------
17                   63                     65,913
  (41 unique values)

l2age75p:  Lag: age spline more than 75         Number of Observations
------------------------------------------------------------------------------
                                             Total      Integers   Nonintegers
|  #                         Negative            -             -             -
|  #                         Zero           42,064        42,064             -
|  #                         Positive       13,397        13,397             -
|  #                                   -----------   -----------   -----------
|  #                         Total          55,461        55,461             -
|  #   .   .   .   .         Missing        10,452
+----------------------                -----------
0                    17                     65,913
  (18 unique values)

l2agesq:                                        Number of Observations
----------                             ---------------------------------------
                                             Total      Integers   Nonintegers
|          #                 Negative            -             -             -
|          #                 Zero                -             -             -
|      #   #                 Positive       55,461        55,461             -
|      #   #   #                       -----------   -----------   -----------
|      #   #   #             Total          55,461        55,461             -
|  .   #   #   #   #         Missing        10,452
+----------------------                -----------
289                8100                     65,913
  (68 unique values)

l2obese:  Lag: BMI more than 23.5               Number of Observations
---------------------------------      ---------------------------------------
                                             Total      Integers   Nonintegers
|      #                     Negative            -             -             -
|      #                     Zero            3,334         3,334             -
|      #                     Positive       17,791        17,791             -
|      #                               -----------   -----------   -----------
|      #                     Total          21,125        21,125             -
|  #   #                     Missing        44,788
+----------------------                -----------
0                     1                     65,913
   (2 unique values)

. 
. capture log close
